{"synthetic": false,
 "schemaVersion": "2025-09-10",
 "outputs":
 {"o": ["d55e4618b2cca83c.olean"],
  "m": false,
  "i": "51d2eaf646d2cfc6.ilean",
  "c": "26e962ac27b52795.c"},
 "log":
 [{"message":
   ".> LEAN_PATH=/chibifire-assets-2026w24/files/gait_classification/wear/hexagon/.lake/packages/plausible/.lake/build/lib/lean:/chibifire-assets-2026w24/files/gait_classification/wear/hexagon/.lake/build/lib/lean /home/ernest.lee/.elan/toolchains/leanprover--lean4---v4.31.0-rc2/bin/lean /chibifire-assets-2026w24/files/gait_classification/wear/hexagon/WearHexagon.lean -o /chibifire-assets-2026w24/files/gait_classification/wear/hexagon/.lake/build/lib/lean/WearHexagon.olean -i /chibifire-assets-2026w24/files/gait_classification/wear/hexagon/.lake/build/lib/lean/WearHexagon.ilean -c /chibifire-assets-2026w24/files/gait_classification/wear/hexagon/.lake/build/ir/WearHexagon.c --setup /chibifire-assets-2026w24/files/gait_classification/wear/hexagon/.lake/build/ir/WearHexagon.setup.json --json",
   "level": "trace"},
  {"message": "WearHexagon.lean:50:69: Unable to find a counter-example",
   "level": "info"},
  {"message": "WearHexagon.lean:50:0: declaration uses `sorry`",
   "level": "warning"},
  {"message": "WearHexagon.lean:53:2: Unable to find a counter-example",
   "level": "info"},
  {"message": "WearHexagon.lean:52:0: declaration uses `sorry`",
   "level": "warning"}],
 "inputs":
 [["WearHexagon:deps",
   [["deps",
     [["WearHexagon/WearHexagon:extraDep",
       [["@WearHexagon:extraDep", "00000000000006bb"]]],
      ["imports",
       [["Plausible transitive imports (legacy)", "0b8a01d41a17ae89"],
        ["Plausible:importAllArts", "e90000fcb0b24128"]]]]],
    ["libs",
     [["import dynlibs", "00000000000006bb"],
      ["package external libraries", "00000000000006bb"],
      ["module dynlibs", "00000000000006bb"],
      ["module plugins", "00000000000006bb"]]]]],
  ["Lean 4.31.0, commit 5e44d5f905127c78a2da7a015fe7a47840c95eb1",
   "888ac1029b4e55a7"],
  ["/chibifire-assets-2026w24/files/gait_classification/wear/hexagon/WearHexagon.lean",
   "d6e026da2cc5fc9e"],
  ["options", "00000000000006bb"],
  ["isModule: false", "feefd2a0d3a1847e"],
  ["Module.name: WearHexagon", "8e28fc04b2a961eb"],
  ["Package.id?: (some WearHexagon)", "529db0deb598d349"],
  ["Module.leanArgs: #[]", "00000000000006bb"]],
 "depHash": "f83048e3441f8ed6"}